\BOOKMARK [1][-]{section.1}{\376\377\000M\000e\000t\000h\000o\000d\000s}{}% 1
\BOOKMARK [2][-]{subsection.1.1}{\376\377\000I\000n\000f\000e\000r\000e\000n\000t\000i\000a\000l\000\040\000t\000a\000r\000g\000e\000t\000s}{section.1}% 2
\BOOKMARK [2][-]{subsection.1.2}{\376\377\000I\000n\000d\000i\000v\000i\000d\000u\000a\000l\000-\000b\000a\000s\000e\000d\000\040\000p\000o\000p\000u\000l\000a\000t\000i\000o\000n\000\040\000g\000e\000n\000e\000r\000a\000t\000o\000r}{section.1}% 3
\BOOKMARK [2][-]{subsection.1.3}{\376\377\000S\000i\000z\000e\000-\000p\000r\000o\000f\000i\000l\000e\000\040\000o\000b\000s\000e\000r\000v\000a\000t\000i\000o\000n\000\040\000p\000r\000o\000c\000e\000s\000s}{section.1}% 4
\BOOKMARK [2][-]{subsection.1.4}{\376\377\000P\000o\000s\000i\000t\000i\000v\000e\000\040\000i\000n\000v\000e\000r\000s\000e\000\040\000I\000P\000M}{section.1}% 5
\BOOKMARK [2][-]{subsection.1.5}{\376\377\000N\000u\000m\000e\000r\000i\000c\000a\000l\000\040\000i\000n\000t\000e\000g\000r\000a\000t\000i\000o\000n}{section.1}% 6
\BOOKMARK [2][-]{subsection.1.6}{\376\377\000P\000r\000i\000o\000r\000\040\000d\000i\000s\000t\000r\000i\000b\000u\000t\000i\000o\000n\000s}{section.1}% 7
\BOOKMARK [2][-]{subsection.1.7}{\376\377\000E\000x\000t\000e\000r\000n\000a\000l\000\040\000f\000e\000c\000u\000n\000d\000i\000t\000y\000\040\000i\000n\000f\000o\000r\000m\000a\000t\000i\000o\000n}{section.1}% 8
\BOOKMARK [2][-]{subsection.1.8}{\376\377\000P\000o\000s\000t\000e\000r\000i\000o\000r\000\040\000c\000o\000m\000p\000u\000t\000a\000t\000i\000o\000n\000\040\000a\000n\000d\000\040\000a\000p\000p\000r\000o\000x\000i\000m\000a\000t\000i\000o\000n\000\040\000a\000u\000d\000i\000t}{section.1}% 9
\BOOKMARK [2][-]{subsection.1.9}{\376\377\000S\000i\000m\000u\000l\000a\000t\000i\000o\000n\000\040\000e\000x\000p\000e\000r\000i\000m\000e\000n\000t\000s}{section.1}% 10
\BOOKMARK [3][-]{subsubsection.1.9.1}{\376\377\000B\000r\000o\000a\000d\000\040\000d\000e\000s\000i\000g\000n\000\040\000g\000r\000i\000d}{subsection.1.9}% 11
\BOOKMARK [3][-]{subsubsection.1.9.2}{\376\377\000A\000u\000x\000i\000l\000i\000a\000r\000y\000-\000f\000e\000c\000u\000n\000d\000i\000t\000y\000\040\000e\000x\000p\000e\000r\000i\000m\000e\000n\000t}{subsection.1.9}% 12
\BOOKMARK [3][-]{subsubsection.1.9.3}{\376\377\000T\000r\000a\000n\000s\000p\000o\000r\000t\000a\000b\000i\000l\000i\000t\000y\000-\000b\000o\000u\000n\000d\000a\000r\000y\000\040\000e\000x\000p\000e\000r\000i\000m\000e\000n\000t}{subsection.1.9}% 13
\BOOKMARK [3][-]{subsubsection.1.9.4}{\376\377\000P\000a\000i\000r\000e\000d\000\040\000p\000r\000o\000f\000i\000l\000e\000\040\000a\000n\000d\000\040\000i\000n\000d\000i\000v\000i\000d\000u\000a\000l\000-\000d\000a\000t\000a\000\040\000b\000e\000n\000c\000h\000m\000a\000r\000k}{subsection.1.9}% 14
\BOOKMARK [2][-]{subsection.1.10}{\376\377\000P\000e\000r\000f\000o\000r\000m\000a\000n\000c\000e\000\040\000m\000e\000a\000s\000u\000r\000e\000s}{section.1}% 15
\BOOKMARK [1][-]{section.2}{\376\377\000S\000i\000m\000u\000l\000a\000t\000i\000o\000n\000\040\000R\000e\000s\000u\000l\000t\000s}{}% 16
\BOOKMARK [2][-]{subsection.2.1}{\376\377\000N\000u\000m\000e\000r\000i\000c\000a\000l\000\040\000i\000n\000t\000e\000g\000r\000a\000t\000i\000o\000n\000\040\000a\000n\000d\000\040\000i\000n\000i\000t\000i\000a\000l\000\040\000i\000d\000e\000n\000t\000i\000f\000i\000a\000b\000i\000l\000i\000t\000y}{section.2}% 17
\BOOKMARK [2][-]{subsection.2.2}{\376\377\000B\000r\000o\000a\000d\000\040\000M\000o\000n\000t\000e\000\040\000C\000a\000r\000l\000o\000\040\000r\000e\000c\000o\000v\000e\000r\000y}{section.2}% 18
\BOOKMARK [2][-]{subsection.2.3}{\376\377\000M\000o\000d\000e\000r\000a\000t\000e\000\040\000p\000r\000i\000o\000r\000\040\000i\000n\000f\000o\000r\000m\000a\000t\000i\000o\000n}{section.2}% 19
\BOOKMARK [2][-]{subsection.2.4}{\376\377\000T\000a\000r\000g\000e\000t\000e\000d\000\040\000a\000u\000x\000i\000l\000i\000a\000r\000y\000\040\000f\000e\000c\000u\000n\000d\000i\000t\000y\000\040\000d\000a\000t\000a}{section.2}% 20
\BOOKMARK [2][-]{subsection.2.5}{\376\377\000T\000r\000a\000n\000s\000p\000o\000r\000t\000a\000b\000i\000l\000i\000t\000y\000\040\000b\000o\000u\000n\000d\000a\000r\000y}{section.2}% 21
\BOOKMARK [2][-]{subsection.2.6}{\376\377\000P\000a\000i\000r\000e\000d\000\040\000p\000r\000o\000f\000i\000l\000e\000\040\000a\000n\000d\000\040\000i\000n\000d\000i\000v\000i\000d\000u\000a\000l\000-\000d\000a\000t\000a\000\040\000b\000e\000n\000c\000h\000m\000a\000r\000k}{section.2}% 22
